00:00 +0: loading C:/Users/moshb/multifaithcalendar/test/solar_math_test.dart
00:00 +0: SolarMath Engine Tests Julian Day Calculation
00:00 +1: SolarMath Engine Tests Sunrise/Sunset Calculation accuracy (Jerusalem approx)
00:00 +1 -1: SolarMath Engine Tests Sunrise/Sunset Calculation accuracy (Jerusalem approx) [E]
  Expected: a numeric value within <2> of <33>
    Actual: <28>
     Which:  differs by <5>
  
  package:matcher                                     expect
  package:flutter_test/src/widget_tester.dart 473:18  expect
  test\solar_math_test.dart 35:7                      main.<fn>.<fn>
  
00:00 +1 -1: Some tests failed.
